Windows PowerShell
Copyright (C) Microsoft Corporation. All rights reserved.

Install the latest PowerShell for new features and improvements! https://aka.ms/PSWindows

PS C:\Users\Hp> py
Python 3.11.5 (tags/v3.11.5:cce6ba9, Aug 24 2023, 14:38:34) [MSC v.1936 64 bit (AMD64)] on win32
Type "help", "copyright", "credits" or "license" for more information.
>>> import random
>>> import string
>>>
>>> def generate_password(length):
...     # Define character sets for different complexity levels
...     lower_case = string.ascii_lowercase
...     upper_case = string.ascii_uppercase
...     digits = string.digits
...     special_characters = string.punctuation
...
>>>     # Combine character sets based on desired complexity
>>>     all_characters = lower_case + upper_case + digits + special_characters
  File "<stdin>", line 1
    all_characters = lower_case + upper_case + digits + special_characters
IndentationError: unexpected indent
>>>
>>>     # Ensure the password length is at least 8 characters
>>>     if length < 8:
  File "<stdin>", line 1
    if length < 8:
IndentationError: unexpected indent
>>>         print("Password length must be at least 8 characters.")
  File "<stdin>", line 1
    print("Password length must be at least 8 characters.")
IndentationError: unexpected indent
>>>         return None
  File "<stdin>", line 1
    return None
IndentationError: unexpected indent
>>>
>>>     # Generate the password
>>>     password = ''.join(random.choice(all_characters) for _ in range(length))
  File "<stdin>", line 1
    password = ''.join(random.choice(all_characters) for _ in range(length))
IndentationError: unexpected indent
>>>     return password
  File "<stdin>", line 1
    return password
IndentationError: unexpected indent
>>>
>>> def main():
...     try:
...         length = int(input("Enter the desired length of the password: "))
...         password = generate_password(length)
...         if password:
...             print("Generated Password:", password)
...     except ValueError:
...         print("Invalid input. Please enter a valid integer for the password length.")
...
>>> if __name__ == "__main__":
...     main()
...
Enter the desired length of the password: 7
>>>
>>>
>>>
>>>
